smash> smash: got ctrl-Z
smash: process 8906 was stopped
smash> smash: got ctrl-Z
smash: process 8951 was stopped
smash> smash: got ctrl-Z
smash: process 8994 was stopped
smash> smash: got ctrl-Z
smash: process 9070 was stopped
smash> smash: got ctrl-Z
smash: process 9087 was stopped
smash> [1] sleep 100 : 8906 2 secs (stopped)
[2] sleep 200 : 8951 1 secs (stopped)
[3] sleep 300 : 8994 1 secs (stopped)
[4] sleep 400 : 9070 0 secs (stopped)
[5] sleep 500 : 9087 0 secs (stopped)
smash> sleep 300 : 1
smash> sleep 400 : 0
smash> sleep 200 : 1
smash> sleep 500 : 0
smash> sleep 100 : 2
smash> [1] sleep 100 : 8906 2 secs
[2] sleep 200 : 8951 1 secs
[3] sleep 300 : 8994 1 secs
[4] sleep 400 : 9070 0 secs
[5] sleep 500 : 9087 0 secs
smash> smash: sending SIGKILL signal to 5 jobs:
8906: sleep 100
8951: sleep 200
8994: sleep 300
9070: sleep 400
9087: sleep 500
