smash> smash> smash> sleep 1& : 9180
smash> smash> 