smash> smash> smash> smash> smash> smash pid is 9663
smash pid is 9663
smash pid is 9663
smash pid is 9663
smash> smash> smash pid is 9663
smash> smash: sending SIGKILL signal to 0 jobs:
