smash> smash> "2023-05-13 23:58:38.118625061 +0300,
smash> smash> "2023-05-13 23:58:38.138625062 +0300,
smash> 