smash> smash> smash pid is 9645
smash> smash: sending SIGKILL signal to 0 jobs:
