smash> smash> smash> smash: sending SIGKILL signal to 2 jobs:
9590: sleep 10000&
9591: sleep 10000&
