smash> submitted by Eran
smash> Two> Name1> Name2> smash pid is 9532
Name2> smash pid is 9532
Name2> /tmp/smash_test
Name2> /tmp/smash_test
Name2> smash> 