smash> smash pid is 9709
smash> smash pid is 9709
smash> smash pid is 9709
smash> 