smash> smash> smash> smash> smash> smash> smash> smash> smash> smash> smash> smash> smash> smash> signal number 9 was sent to pid 8871
smash> smash> smash> smash> smash> [1] sleep 7& : 9097 1 secs
smash> smash> [1] sleep 7& : 9097 1 secs
[2] sleep 5& : 9150 0 secs
smash> smash> [1] sleep 7& : 9097 2 secs
[2] sleep 5& : 9150 1 secs
[3] sleep 3& : 9151 1 secs
smash> smash> smash> smash> smash> [1] sleep 10 & : 9817 3 secs
smash> signal number 9 was sent to pid 9817
smash> smash> smash> smash> smash: got ctrl-Z
smash: process 10116 was stopped
smash> [1] sleep 5& : 10034 4 secs
[2]           sleep        10   & : 10077 3 secs
[3] sleep 15 : 10116 0 secs (stopped)
smash> signal number 9 was sent to pid 10034
smash> [2]           sleep        10   & : 10077 4 secs
[3] sleep 15 : 10116 1 secs (stopped)
smash> signal number 9 was sent to pid 10077
smash> [3] sleep 15 : 10116 2 secs (stopped)
smash> signal number 9 was sent to pid 10116
smash> smash> smash> smash: got ctrl-C
smash: process 10365 was killed
smash> signal number 9 was sent to pid 10364
smash> smash: sending SIGKILL signal to 0 jobs:
