smash> smash> smash> smash> smash> smash> smash> smash> smash> smash> smash> smash: sending SIGKILL signal to 1 jobs:
9433: sleep 4&
