smash> smash> smash> signal number 9 was sent to pid 9339
smash> smash> smash: sending SIGKILL signal to 0 jobs:
