smash> smash> smash> smash> [1] timeout 2 sleep 5& : 10006 0 secs
[2] timeout 3 sleep 10& : 10008 0 secs
smash> smash> smash: sending SIGKILL signal to 0 jobs:
