smash> smash> smash> [1] sleep 10& : 9295 0 secs
smash> smash> [1] sleep 10& : 9295 0 secs
[2] sleep 20& : 9296 0 secs
smash> smash> smash> [1] sleep 10& : 9295 0 secs
[2] sleep 20& : 9296 0 secs
[3] sleep 30& : 9297 0 secs
[4] sleep 40& : 9298 0 secs
smash> smash: sending SIGKILL signal to 4 jobs:
9295: sleep 10&
9296: sleep 20&
9297: sleep 30&
9298: sleep 40&
