smash> smash> smash> smash> smash> smash> [1] sleep 100& : 9561 0 secs
smash> smash: sending SIGKILL signal to 1 jobs:
9561: sleep 100&
