smash> smash> smash> smash> smash> smash> sleep 300& : 9058
smash: got ctrl-C
smash: process 9058 was killed
smash> [1] sleep 100& : 9053 1 secs
[2] sleep 200& : 9056 1 secs
[4] sleep 400& : 9061 1 secs
[5] sleep 500& : 9063 1 secs
smash> sleep 100& : 9053
smash: got ctrl-C
smash: process 9053 was killed
smash> [2] sleep 200& : 9056 1 secs
[4] sleep 400& : 9061 1 secs
[5] sleep 500& : 9063 1 secs
smash> sleep 200& : 9056
smash: got ctrl-C
smash: process 9056 was killed
smash> [4] sleep 400& : 9061 1 secs
[5] sleep 500& : 9063 1 secs
smash> sleep 500& : 9063
smash: got ctrl-C
smash: process 9063 was killed
smash> [4] sleep 400& : 9061 2 secs
smash> sleep 400& : 9061
smash: got ctrl-C
smash: process 9061 was killed
smash> smash> smash: sending SIGKILL signal to 0 jobs:
