smash> smash> smash> smash> smash: sending SIGKILL signal to 1 jobs:
9588: sleep 100000&
