smash> smash> smash> smash> smash> smash> sleep 300& : 9057
smash: got ctrl-C
smash: process 9057 was killed
smash> sleep 100& : 9052
smash: got ctrl-C
smash: process 9052 was killed
smash> sleep 200& : 9055
smash: got ctrl-C
smash: process 9055 was killed
smash> sleep 400& : 9060
smash: got ctrl-C
smash: process 9060 was killed
smash> sleep 500& : 9062
smash: got ctrl-C
smash: process 9062 was killed
smash> smash: sending SIGKILL signal to 0 jobs:
