smash> smash> smash> [1] timeout 2 sleep 10& : 9990 0 secs
smash> smash> smash: sending SIGKILL signal to 0 jobs:
