smash> smash pid is 8847
smash> smash pid is 8847
smash> smash> smash pid is 8847
smash> smash pid is 8847
smash> smash pid is 8847
smash> smash> 