smash> smash> smash> smash> smash> timeout_sample_file1.txt
timeout_sample_file2.txt
smash> before
smash> after
smash> 0
end: 2
smash> after
smash> 0
2
smash> smash: got ctrl-C
smash> smash> 0
[1] timeout 3 ../my_sleep 4 & : 9796 1 secs
smash> 2
smash: got ctrl-C
smash> smash> smash> smash> smash> 