smash> smash> smash> [1] sleep 100& : 9315 0 secs
[2] sleep 200& : 9317 0 secs
smash> 